[unicaevents.ancorathemes.com/index.html]
[backblue.gif]
[fade.gif]
[index.html]
[unicaevents.ancorathemes.com/wp-content/themes/unicaevents/skins/default/images/favicon.ico]
[unicaevents.ancorathemes.com/wp-content/plugins/essential-grid/public/assets/css/settingsa7f4.css]
[unicaevents.ancorathemes.com/wp-content/plugins/instagram-feed/css/sb-instagram.minb493.css]
[unicaevents.ancorathemes.com/wp-content/plugins/revslider/public/assets/css/settingsc225.css]
[unicaevents.ancorathemes.com/wp-content/plugins/woocommerce/assets/css/woocommerce-layout32bb.css]
[unicaevents.ancorathemes.com/feed/index.html]
[unicaevents.ancorathemes.com/wp-content/plugins/woocommerce/assets/css/woocommerce-smallscreen32bb.css]
[unicaevents.ancorathemes.com/wp-content/plugins/woocommerce/assets/css/woocommerce32bb.css]
[unicaevents.ancorathemes.com/wp-content/themes/unicaevents/css/fontello/css/fontello.css]
[unicaevents.ancorathemes.com/comments/feed/index.html]
[unicaevents.ancorathemes.com/wp-content/themes/unicaevents/style.css]
[unicaevents.ancorathemes.com/wp-content/themes/unicaevents/fw/css/core.animation.css]
[unicaevents.ancorathemes.com/wp-content/themes/unicaevents/shortcodes/theme.shortcodes.css]
[unicaevents.ancorathemes.com/wp-content/themes/unicaevents/skins/default/skin.css]
[unicaevents.ancorathemes.com/wp-content/themes/unicaevents/fw/css/custom-style.css]
[unicaevents.ancorathemes.com/wp-content/themes/unicaevents/css/responsive.css]
[unicaevents.ancorathemes.com/wp-content/themes/unicaevents/skins/default/skin.responsive.css]
[unicaevents.ancorathemes.com/wp-includes/js/mediaelement/mediaelementplayer.min51cd.css]
[unicaevents.ancorathemes.com/wp-includes/js/mediaelement/wp-mediaelement.min447e.css]
[unicaevents.ancorathemes.com/wp-content/plugins/js_composer/assets/css/js_composer.minc721.css]
[unicaevents.ancorathemes.com/wp-includes/js/jquery/jquery-migrate.min330a.js]
[unicaevents.ancorathemes.com/wp-content/plugins/essential-grid/public/assets/js/lightboxa7f4.js]
[unicaevents.ancorathemes.com/wp-includes/js/jquery/jqueryb8ff.js]
[unicaevents.ancorathemes.com/wp-content/plugins/essential-grid/public/assets/js/jquery.themepunch.essential.mina7f4.js]
[unicaevents.ancorathemes.com/wp-content/plugins/revslider/public/assets/js/jquery.themepunch.revolution.minc225.js]
[unicaevents.ancorathemes.com/wp-content/plugins/essential-grid/public/assets/js/jquery.themepunch.tools.mina7f4.js]
[unicaevents.ancorathemes.com/wp-content/plugins/woocommerce/assets/js/frontend/add-to-cart.min32bb.js]
[unicaevents.ancorathemes.com/wp-content/plugins/js_composer/assets/js/vendors/woocommerce-add-to-cartc721.js]
[unicaevents.ancorathemes.com/wp-content/themes/unicaevents/fw/js/photostack/modernizr.min.js]
[unicaevents.ancorathemes.com/xmlrpc0db0.php]
[unicaevents.ancorathemes.com/wp-json/index.html]
[unicaevents.ancorathemes.com/wp-includes/wlwmanifest.xml]
[unicaevents.ancorathemes.com/wp-json/oembed/1.0/embedd5a6.json]
[unicaevents.ancorathemes.com/wp-json/oembed/1.0/embed6796]
[unicaevents.ancorathemes.com/wp-content/uploads/2015/10/Rectangle-6-copyf23d.jpg]
[unicaevents.ancorathemes.com/cdn-cgi/l/email-protection.html]
[unicaevents.ancorathemes.com/wp-content/uploads/2015/11/nica_dark.png]
[unicaevents.ancorathemes.com/wp-content/uploads/2015/10/Layer-81.jpg]
[unicaevents.ancorathemes.com/wp-content/uploads/2015/10/conf.png]
[unicaevents.ancorathemes.com/wp-content/uploads/2015/11/Layer-812.jpg]
[unicaevents.ancorathemes.com/home-page-2/index.html]
[unicaevents.ancorathemes.com/home-page-3/index.html]
[unicaevents.ancorathemes.com/wp-content/uploads/2015/11/Layer-82.jpg]
[unicaevents.ancorathemes.com/home-page-4/index.html]
[unicaevents.ancorathemes.com/cdn-cgi/scripts/84a23a00/cloudflare-static/email-decode.min.js]
[unicaevents.ancorathemes.com/shortcodes/index.html]
[unicaevents.ancorathemes.com/wp-content/uploads/2015/10/gallery-7.jpg]
[unicaevents.ancorathemes.com/typography/index.html]
[unicaevents.ancorathemes.com/wp-content/uploads/2015/10/Depositphotos_1713895.jpg]
[unicaevents.ancorathemes.com/about-us/index.html]
[unicaevents.ancorathemes.com/wp-content/uploads/2015/08/Depositphotos_11340870_original.jpg]
[unicaevents.ancorathemes.com/team/index.html]
[unicaevents.ancorathemes.com/wp-content/uploads/2015/10/gallery-2.jpg]
[unicaevents.ancorathemes.com/clients/index.html]
[unicaevents.ancorathemes.com/wp-content/uploads/2015/10/testimonial-1-150x150.jpg]
[unicaevents.ancorathemes.com/contacts/index.html]
[unicaevents.ancorathemes.com/wp-content/uploads/2015/10/testimonial-2-150x150.jpg]
[unicaevents.ancorathemes.com/services-page/index.html]
[unicaevents.ancorathemes.com/wp-content/uploads/2015/10/testimonial-3-150x150.jpg]
[unicaevents.ancorathemes.com/grid-gallery/index.html]
[unicaevents.ancorathemes.com/wp-content/uploads/2015/10/testimonial-4-150x150.jpg]
[unicaevents.ancorathemes.com/masonry-gallery/index.html]
[unicaevents.ancorathemes.com/wp-content/uploads/2015/11/ico.png]
[unicaevents.ancorathemes.com/wp-content/uploads/2015/11/nica_white.png]
[unicaevents.ancorathemes.com/cobbles-gallery/index.html]
[unicaevents.ancorathemes.com/wp-content/uploads/2015/11/Depositphotos_32128821_original-150x150.jpg]
[unicaevents.ancorathemes.com/all-posts/index.html]
[unicaevents.ancorathemes.com/category/masonry-2-columns/index.html]
[unicaevents.ancorathemes.com/wp-content/uploads/2015/10/gallery-7-150x150.jpg]
[unicaevents.ancorathemes.com/category/masonry-3-columns/index.html]
[unicaevents.ancorathemes.com/wp-content/uploads/2015/10/gallery-21-150x150.jpg]
[unicaevents.ancorathemes.com/category/portfolio-2-columns/index.html]
[unicaevents.ancorathemes.com/wp-admin/admin-ajax.html]
[unicaevents.ancorathemes.com/category/portfolio-3-columns/index.html]
[unicaevents.ancorathemes.com/wp-content/plugins/essential-grid/public/assets/css/lightboxa7f4.css]
[unicaevents.ancorathemes.com/category/post-formats/index.html]
[unicaevents.ancorathemes.com/wp-content/themes/unicaevents/fw/js/swiper/swiper.css]
[unicaevents.ancorathemes.com/shop/index.html]
[unicaevents.ancorathemes.com/wp-content/themes/unicaevents/fw/js/core.messages/core.messages.css]
[unicaevents.ancorathemes.com/services/anniversaries/index.html]
[unicaevents.ancorathemes.com/wp-content/plugins/instagram-feed/js/sb-instagram.minb493.js]
[unicaevents.ancorathemes.com/services/special-occasions/index.html]
[unicaevents.ancorathemes.com/services/engagement-parties/index.html]
[unicaevents.ancorathemes.com/wp-content/plugins/woocommerce/assets/js/jquery-blockui/jquery.blockUI.min44fd.js]
[unicaevents.ancorathemes.com/wp-content/plugins/woocommerce/assets/js/frontend/woocommerce.min32bb.js]
[unicaevents.ancorathemes.com/wp-content/plugins/woocommerce/assets/js/jquery-cookie/jquery.cookie.min330a.js]
[unicaevents.ancorathemes.com/services/holiday-parties/index.html]
[unicaevents.ancorathemes.com/wp-content/plugins/woocommerce/assets/js/frontend/cart-fragments.min32bb.js]
[unicaevents.ancorathemes.com/planning-it-all-ahead/index.html]
[unicaevents.ancorathemes.com/wp-content/themes/unicaevents/fw/js/superfish.min.js]
[unicaevents.ancorathemes.com/planning-kids-birthday-parties/index.html]
[unicaevents.ancorathemes.com/wp-content/themes/unicaevents/fw/js/jquery.slidemenu.js]
[unicaevents.ancorathemes.com/planning-bachelor-and-bachelorette-parties/index.html]
[unicaevents.ancorathemes.com/the-most-importand-days-in-your-life/index.html]
[unicaevents.ancorathemes.com/wp-content/themes/unicaevents/fw/js/core.utils.js]
[unicaevents.ancorathemes.com/wp-content/themes/unicaevents/fw/js/core.init.js]
[unicaevents.ancorathemes.com/how-to-start-an-event-planning-service/index.html]
[unicaevents.ancorathemes.com/wp-content/themes/unicaevents/js/theme.init.js]
[unicaevents.ancorathemes.com/author/admin/index.html]
[unicaevents.ancorathemes.com/turning-a-profit-in-the-event-planning-business/index.html]
[unicaevents.ancorathemes.com/hiring-an-events-planner/index.html]
[unicaevents.ancorathemes.com/wp-includes/js/mediaelement/wp-mediaelement.min447e.js]
[unicaevents.ancorathemes.com/wp-includes/js/mediaelement/mediaelement-and-player.min51cd.js]
[unicaevents.ancorathemes.com/wp-content/themes/unicaevents/fw/js/core.googlemap.js]
[unicaevents.ancorathemes.com/wp-content/themes/unicaevents/fw/js/social/social-share.js]
[unicaevents.ancorathemes.com/wp-content/themes/unicaevents/fw/js/core.debug.js]
[unicaevents.ancorathemes.com/wp-includes/js/wp-embed.min447e.js]
[unicaevents.ancorathemes.com/wp-content/plugins/js_composer/assets/js/dist/js_composer_front.minc721.js]
[unicaevents.ancorathemes.com/wp-content/themes/unicaevents/shortcodes/theme.shortcodes.js]
[unicaevents.ancorathemes.com/index.html]
[unicaevents.ancorathemes.com/wp-content/themes/unicaevents/fw/js/core.messages/core.messages.js]
[unicaevents.ancorathemes.com/xmlrpc.php]
[unicaevents.ancorathemes.com/wp-content/plugins/essential-grid/public/assets/images/ajax-loader.gif]
[unicaevents.ancorathemes.com/wp-content/plugins/essential-grid/public/assets/images/loader.gif]
[unicaevents.ancorathemes.com/wp-content/themes/unicaevents/fw/js/swiper/swiper.jquery.js]
[unicaevents.ancorathemes.com/wp-content/plugins/essential-grid/public/assets/font/egfontdde9.eot]
[unicaevents.ancorathemes.com/wp-content/plugins/essential-grid/public/assets/font/egfontdde9.ttf]
[unicaevents.ancorathemes.com/wp-content/plugins/essential-grid/public/assets/font/egfontdde9.woff]
[unicaevents.ancorathemes.com/wp-content/plugins/essential-grid/public/assets/font/egfontdde9.svg]
[unicaevents.ancorathemes.com/wp-content/plugins/essential-grid/public/assets/css/settingsa7f4.css]
[unicaevents.ancorathemes.com/wp-content/plugins/instagram-feed/img/loader.png]
[unicaevents.ancorathemes.com/wp-content/plugins/instagram-feed/img/small-logo.png]
[unicaevents.ancorathemes.com/wp-content/plugins/instagram-feed/css/sb-instagram.minb493.css]
[unicaevents.ancorathemes.com/wp-content/plugins/revslider/public/assets/fonts/revicons/revicons90c6.eot]
[unicaevents.ancorathemes.com/wp-content/plugins/revslider/public/assets/fonts/revicons/revicons90c6.ttf]
[unicaevents.ancorathemes.com/wp-content/plugins/revslider/public/assets/fonts/revicons/revicons90c6.woff]
[unicaevents.ancorathemes.com/wp-content/plugins/revslider/public/assets/fonts/revicons/revicons90c6.svg]
[unicaevents.ancorathemes.com/wp-content/plugins/revslider/public/assets/assets/gridtile.png]
[unicaevents.ancorathemes.com/wp-content/plugins/revslider/public/assets/assets/gridtile_white.png]
[unicaevents.ancorathemes.com/wp-content/plugins/revslider/public/assets/assets/gridtile_3x3.png]
[unicaevents.ancorathemes.com/wp-content/plugins/revslider/public/assets/assets/gridtile_3x3_white.png]
[unicaevents.ancorathemes.com/wp-content/plugins/revslider/public/assets/assets/coloredbg.png]
[unicaevents.ancorathemes.com/wp-content/plugins/revslider/public/assets/assets/loader.gif]
[unicaevents.ancorathemes.com/wp-content/plugins/revslider/public/assets/css/settingsc225.css]
[unicaevents.ancorathemes.com/wp-content/plugins/woocommerce/assets/css/woocommerce-layout32bb.css]
[unicaevents.ancorathemes.com/wp-content/plugins/woocommerce/assets/css/woocommerce-smallscreen32bb.css]
[unicaevents.ancorathemes.com/wp-content/plugins/woocommerce/assets/fonts/star.eot]
[unicaevents.ancorathemes.com/wp-content/plugins/woocommerce/assets/fonts/stard41d.eot]
[unicaevents.ancorathemes.com/wp-content/plugins/woocommerce/assets/fonts/star.woff]
[unicaevents.ancorathemes.com/wp-content/plugins/woocommerce/assets/fonts/star.ttf]
[unicaevents.ancorathemes.com/wp-content/plugins/woocommerce/assets/fonts/star.svg]
[unicaevents.ancorathemes.com/wp-content/plugins/woocommerce/assets/fonts/WooCommerce.eot]
[unicaevents.ancorathemes.com/wp-content/plugins/woocommerce/assets/fonts/WooCommerce.ttf]
[unicaevents.ancorathemes.com/wp-content/plugins/woocommerce/assets/fonts/WooCommerce.woff]
[unicaevents.ancorathemes.com/wp-content/plugins/woocommerce/assets/fonts/WooCommerced41d.eot]
[unicaevents.ancorathemes.com/wp-content/plugins/woocommerce/assets/fonts/WooCommerce.svg]
[unicaevents.ancorathemes.com/wp-content/plugins/woocommerce/assets/images/icons/loader.svg]
[unicaevents.ancorathemes.com/wp-content/plugins/woocommerce/assets/images/icons/credit-cards/visa.svg]
[unicaevents.ancorathemes.com/wp-content/plugins/woocommerce/assets/images/icons/credit-cards/mastercard.svg]
[unicaevents.ancorathemes.com/wp-content/plugins/woocommerce/assets/images/icons/credit-cards/laser.svg]
[unicaevents.ancorathemes.com/wp-content/plugins/woocommerce/assets/images/icons/credit-cards/diners.svg]
[unicaevents.ancorathemes.com/wp-content/plugins/woocommerce/assets/images/icons/credit-cards/maestro.svg]
[unicaevents.ancorathemes.com/wp-content/plugins/woocommerce/assets/images/icons/credit-cards/jcb.svg]
[unicaevents.ancorathemes.com/wp-content/plugins/woocommerce/assets/images/icons/credit-cards/amex.svg]
[unicaevents.ancorathemes.com/wp-content/plugins/woocommerce/assets/css/woocommerce32bb.css]
[unicaevents.ancorathemes.com/wp-content/plugins/woocommerce/assets/images/icons/credit-cards/discover.svg]
[unicaevents.ancorathemes.com/wp-content/themes/unicaevents/css/fontello/font/fontello9ef0.eot]
[unicaevents.ancorathemes.com/wp-content/themes/unicaevents/css/fontello/font/fontello9ef0.woff]
[unicaevents.ancorathemes.com/wp-content/themes/unicaevents/css/fontello/font/fontello9ef0.ttf]
[unicaevents.ancorathemes.com/wp-content/themes/unicaevents/css/fontello/css/fontello.css]
[unicaevents.ancorathemes.com/wp-content/themes/unicaevents/css/fontello/font/fontello9ef0.svg]
[unicaevents.ancorathemes.com/wp-content/themes/unicaevents/images/sticky.png]
[unicaevents.ancorathemes.com/wp-content/themes/unicaevents/images/bg/texture_7.png]
[unicaevents.ancorathemes.com/wp-content/themes/unicaevents/images/rating_summary_bg.png]
[unicaevents.ancorathemes.com/wp-content/themes/unicaevents/images/bg_dark.jpg]
[unicaevents.ancorathemes.com/wp-content/themes/unicaevents/images/bg_light.jpg]
[unicaevents.ancorathemes.com/wp-content/themes/unicaevents/images/bg_yellow.jpg]
[unicaevents.ancorathemes.com/wp-content/themes/unicaevents/images/texture_top.png]
[unicaevents.ancorathemes.com/wp-content/themes/unicaevents/images/texture_slider.png]
[unicaevents.ancorathemes.com/wp-content/themes/unicaevents/images/texture_center.png]
[unicaevents.ancorathemes.com/wp-content/themes/unicaevents/images/bg/texture_1.png]
[unicaevents.ancorathemes.com/wp-content/themes/unicaevents/images/bg/texture_2.png]
[unicaevents.ancorathemes.com/wp-content/themes/unicaevents/images/bg/texture_3.png]
[unicaevents.ancorathemes.com/wp-content/themes/unicaevents/images/bg/texture_4.png]
[unicaevents.ancorathemes.com/wp-content/themes/unicaevents/images/bg/texture_5.png]
[unicaevents.ancorathemes.com/wp-content/themes/unicaevents/images/bg/texture_6.png]
[unicaevents.ancorathemes.com/wp-content/themes/unicaevents/images/bg/texture_8.png]
[unicaevents.ancorathemes.com/wp-content/themes/unicaevents/images/bg/texture_9.png]
[unicaevents.ancorathemes.com/wp-content/themes/unicaevents/images/bg/texture_10.png]
[unicaevents.ancorathemes.com/wp-content/themes/unicaevents/images/bg/texture_11.png]
[unicaevents.ancorathemes.com/wp-content/themes/unicaevents/images/bg/texture_12.png]
[unicaevents.ancorathemes.com/wp-content/themes/unicaevents/images/bg/pattern_1.jpg]
[unicaevents.ancorathemes.com/wp-content/themes/unicaevents/images/bg/pattern_2.jpg]
[unicaevents.ancorathemes.com/wp-content/themes/unicaevents/images/bg/pattern_3.jpg]
[unicaevents.ancorathemes.com/wp-content/themes/unicaevents/images/bg/pattern_4.jpg]
[unicaevents.ancorathemes.com/wp-content/themes/unicaevents/images/bg/pattern_5.jpg]
[unicaevents.ancorathemes.com/wp-content/themes/unicaevents/images/bg/image_1.jpg]
[unicaevents.ancorathemes.com/wp-content/themes/unicaevents/images/bg/image_2.jpg]
[unicaevents.ancorathemes.com/wp-content/themes/unicaevents/images/bg/image_3.jpg]
[unicaevents.ancorathemes.com/wp-content/themes/unicaevents/style.css]
[unicaevents.ancorathemes.com/wp-content/themes/unicaevents/fw/css/core.animation.css]
[unicaevents.ancorathemes.com/wp-content/themes/unicaevents/shortcodes/theme.shortcodes.css]
[unicaevents.ancorathemes.com/wp-content/themes/unicaevents/skins/default/skin.css]
[unicaevents.ancorathemes.com/wp-content/themes/unicaevents/fw/css/custom-style.css]
[unicaevents.ancorathemes.com/wp-content/themes/unicaevents/css/responsive.css]
[unicaevents.ancorathemes.com/wp-content/themes/unicaevents/skins/default/skin.responsive.css]
[unicaevents.ancorathemes.com/wp-includes/js/mediaelement/bigplay.svg]
[unicaevents.ancorathemes.com/wp-includes/js/mediaelement/bigplay.png]
[unicaevents.ancorathemes.com/wp-includes/js/mediaelement/background.png]
[unicaevents.ancorathemes.com/wp-includes/js/mediaelement/loading.gif]
[unicaevents.ancorathemes.com/wp-includes/js/mediaelement/controls.svg]
[unicaevents.ancorathemes.com/wp-includes/js/mediaelement/controls.png]
[unicaevents.ancorathemes.com/wp-includes/js/mediaelement/jumpforward.png]
[unicaevents.ancorathemes.com/wp-includes/js/mediaelement/skipback.png]
[unicaevents.ancorathemes.com/wp-includes/js/mediaelement/mediaelementplayer.min51cd.css]
[unicaevents.ancorathemes.com/wp-includes/js/mediaelement/wp-mediaelement.min447e.css]
[unicaevents.ancorathemes.com/wp-content/plugins/js_composer/assets/vc/alert.png]
[unicaevents.ancorathemes.com/wp-content/plugins/js_composer/assets/vc/info.png]
[unicaevents.ancorathemes.com/wp-content/plugins/js_composer/assets/vc/tick.png]
[unicaevents.ancorathemes.com/wp-content/plugins/js_composer/assets/vc/exclamation.png]
[unicaevents.ancorathemes.com/wp-content/plugins/js_composer/assets/images/icons/address-book.png]
[unicaevents.ancorathemes.com/wp-content/plugins/js_composer/assets/images/icons/alarm-clock.png]
[unicaevents.ancorathemes.com/wp-content/plugins/js_composer/assets/images/icons/anchor.png]
[unicaevents.ancorathemes.com/wp-content/plugins/js_composer/assets/images/icons/application-image.png]
[unicaevents.ancorathemes.com/wp-content/plugins/js_composer/assets/images/icons/arrow.png]
[unicaevents.ancorathemes.com/wp-content/plugins/js_composer/assets/images/icons/asterisk.png]
[unicaevents.ancorathemes.com/wp-content/plugins/js_composer/assets/images/icons/auction-hammer.png]
[unicaevents.ancorathemes.com/wp-content/plugins/js_composer/assets/images/icons/balloon.png]
[unicaevents.ancorathemes.com/wp-content/plugins/js_composer/assets/images/icons/balloon-buzz.png]
[unicaevents.ancorathemes.com/wp-content/plugins/js_composer/assets/images/icons/balloon-facebook.png]
[unicaevents.ancorathemes.com/wp-content/plugins/js_composer/assets/images/icons/balloon-twitter.png]
[unicaevents.ancorathemes.com/wp-content/plugins/js_composer/assets/images/icons/battery-full.png]
[unicaevents.ancorathemes.com/wp-content/plugins/js_composer/assets/images/icons/binocular.png]
[unicaevents.ancorathemes.com/wp-content/plugins/js_composer/assets/images/icons/blue-document-excel.png]
[unicaevents.ancorathemes.com/wp-content/plugins/js_composer/assets/images/icons/blue-document-image.png]
[unicaevents.ancorathemes.com/wp-content/plugins/js_composer/assets/images/icons/blue-document-music.png]
[unicaevents.ancorathemes.com/wp-content/plugins/js_composer/assets/images/icons/blue-document-office.png]
[unicaevents.ancorathemes.com/wp-content/plugins/js_composer/assets/images/icons/blue-document-pdf.png]
[unicaevents.ancorathemes.com/wp-content/plugins/js_composer/assets/images/icons/blue-document-powerpoint.png]
[unicaevents.ancorathemes.com/wp-content/plugins/js_composer/assets/images/icons/blue-document-word.png]
[unicaevents.ancorathemes.com/wp-content/plugins/js_composer/assets/images/icons/bookmark.png]
[unicaevents.ancorathemes.com/wp-content/plugins/js_composer/assets/images/icons/camcorder.png]
[unicaevents.ancorathemes.com/wp-content/plugins/js_composer/assets/images/icons/camera.png]
[unicaevents.ancorathemes.com/wp-content/plugins/js_composer/assets/images/icons/chart.png]
[unicaevents.ancorathemes.com/wp-content/plugins/js_composer/assets/images/icons/chart-pie.png]
[unicaevents.ancorathemes.com/wp-content/plugins/js_composer/assets/images/icons/clock.png]
[unicaevents.ancorathemes.com/wp-content/plugins/js_composer/assets/images/icons/control.png]
[unicaevents.ancorathemes.com/wp-content/plugins/js_composer/assets/images/icons/fire.png]
[unicaevents.ancorathemes.com/wp-content/plugins/js_composer/assets/images/icons/heart.png]
[unicaevents.ancorathemes.com/wp-content/plugins/js_composer/assets/images/icons/mail.png]
[unicaevents.ancorathemes.com/wp-content/plugins/js_composer/assets/images/icons/plus-shield.png]
[unicaevents.ancorathemes.com/wp-content/plugins/js_composer/assets/images/icons/video.png]
[unicaevents.ancorathemes.com/wp-content/plugins/js_composer/assets/fonts/vc_icons/fonts/VC-Icons8309.ttf]
[unicaevents.ancorathemes.com/wp-content/plugins/js_composer/assets/fonts/vc_icons/fonts/VC-Icons8309.woff]
[unicaevents.ancorathemes.com/wp-content/plugins/js_composer/assets/fonts/vc_icons/fonts/VC-Icons8309.svg]
[unicaevents.ancorathemes.com/wp-content/plugins/js_composer/assets/images/toggle_open.png]
[unicaevents.ancorathemes.com/wp-content/plugins/js_composer/assets/images/toggle_close.png]
[unicaevents.ancorathemes.com/wp-content/plugins/js_composer/assets/images/flickr.png]
[unicaevents.ancorathemes.com/wp-content/plugins/js_composer/assets/fonts/vc_grid/vc_grid_v157a1.eot]
[unicaevents.ancorathemes.com/wp-content/plugins/js_composer/assets/fonts/vc_grid/vc_grid_v1d41d.eot]
[unicaevents.ancorathemes.com/wp-content/plugins/js_composer/assets/fonts/vc_grid/vc_grid_v157a1.woff]
[unicaevents.ancorathemes.com/wp-content/plugins/js_composer/assets/fonts/vc_grid/vc_grid_v157a1.ttf]
[unicaevents.ancorathemes.com/wp-content/plugins/js_composer/assets/css/js_composer.minc721.css]
[unicaevents.ancorathemes.com/cdn-cgi/l/email-protection.html]
[unicaevents.ancorathemes.com/wp-content/plugins/js_composer/assets/fonts/vc_grid/vc_grid_v157a1.svg]
[unicaevents.ancorathemes.com/wp-json/oembed/1.0/embedd267.json]
[unicaevents.ancorathemes.com/wp-json/oembed/1.0/embede195]
[unicaevents.ancorathemes.com/wp-content/uploads/2015/11/Layer-81.jpg]
[unicaevents.ancorathemes.com/wp-content/uploads/2015/11/Layer-823.jpg]
[unicaevents.ancorathemes.com/wp-content/uploads/2015/08/Depositphotos_57065837_original.jpg]
[unicaevents.ancorathemes.com/wp-content/uploads/2015/10/gallery-21.jpg]
[unicaevents.ancorathemes.com/gallery-post-9/index.html]
[unicaevents.ancorathemes.com/wp-content/uploads/2015/10/gallery-6.jpg]
[unicaevents.ancorathemes.com/gallery-post-8/index.html]
[unicaevents.ancorathemes.com/wp-content/uploads/2015/10/gallery-5.jpg]
[unicaevents.ancorathemes.com/gallery-post-7/index.html]
[unicaevents.ancorathemes.com/wp-content/uploads/2015/10/gallery04.jpg]
[unicaevents.ancorathemes.com/gallery-post-6/index.html]
[unicaevents.ancorathemes.com/wp-content/uploads/2015/10/team_small-3-780x780.jpg]
[unicaevents.ancorathemes.com/gallery-post-5/index.html]
[unicaevents.ancorathemes.com/wp-content/uploads/2015/10/team_small-2-780x780.jpg]
[unicaevents.ancorathemes.com/gallery-post-4/index.html]
[unicaevents.ancorathemes.com/wp-content/uploads/2015/10/team_small-1-780x780.jpg]
[unicaevents.ancorathemes.com/team/sabrina-roberts/index.html]
[unicaevents.ancorathemes.com/wp-content/plugins/js_composer/assets/lib/bower/skrollr/dist/skrollr.minc721.js]
[unicaevents.ancorathemes.com/home-page-2/index.html]
[unicaevents.ancorathemes.com/team/betty-bass/index.html]
[unicaevents.ancorathemes.com/team/jaessica-mann/index.html]
[unicaevents.ancorathemes.com/wp-json/oembed/1.0/embed158d.json]
[unicaevents.ancorathemes.com/wp-json/oembed/1.0/embedff3b]
[unicaevents.ancorathemes.com/wp-content/uploads/2015/10/Depositphotos_11153356_original1.png]
[unicaevents.ancorathemes.com/services/bridal-and-baby-showers/index.html]
[unicaevents.ancorathemes.com/services/birthdays/index.html]
[unicaevents.ancorathemes.com/wp-content/uploads/2015/11/Depositphotos_9428906_original.jpg]
[unicaevents.ancorathemes.com/services/bar-and-bat-mitzvahs/index.html]
[unicaevents.ancorathemes.com/wp-content/uploads/2015/11/Depositphotos_49938883_original.jpg]
[unicaevents.ancorathemes.com/services/graduations/index.html]
[unicaevents.ancorathemes.com/wp-content/uploads/2015/11/Depositphotos_7799558.jpg]
[unicaevents.ancorathemes.com/wp-content/uploads/2015/11/Depositphotos_27197393.jpg]
[unicaevents.ancorathemes.com/planning-your-conference/index.html]
[unicaevents.ancorathemes.com/budget-friendly-birthday-party/index.html]
[unicaevents.ancorathemes.com/wp-content/uploads/2015/11/Depositphotos_32128821_original.jpg]
[unicaevents.ancorathemes.com/corporate-birthday-parties/index.html]
[unicaevents.ancorathemes.com/wp-content/uploads/2015/11/Depositphotos_58012859_original.jpg]
[unicaevents.ancorathemes.com/bachelorette-party/index.html]
[unicaevents.ancorathemes.com/wp-content/uploads/2015/11/Layer-97.png]
[unicaevents.ancorathemes.com/the-ultimate-birthday-party/index.html]
[unicaevents.ancorathemes.com/wp-content/uploads/2015/11/Layer-96.png]
[unicaevents.ancorathemes.com/childs-at-home-birthday-party/index.html]
[unicaevents.ancorathemes.com/wp-content/uploads/2015/11/Layer-95.png]
[unicaevents.ancorathemes.com/parties-for-kids/index.html]
[unicaevents.ancorathemes.com/wp-content/uploads/2015/11/Layer-93.png]
[unicaevents.ancorathemes.com/graduation-celebration/index.html]
[unicaevents.ancorathemes.com/wp-content/uploads/2015/11/Layer-92.png]
[unicaevents.ancorathemes.com/kids-birthdays/index.html]
[unicaevents.ancorathemes.com/wp-content/uploads/2015/11/Layer-94.png]
[unicaevents.ancorathemes.com/engagement-parties/index.html]
[unicaevents.ancorathemes.com/wp-content/uploads/2015/11/Layer-91.png]
[unicaevents.ancorathemes.com/perfect-choice-for-your-wedding/index.html]
[unicaevents.ancorathemes.com/wp-includes/js/jquery/ui/core.mine899.js]
[unicaevents.ancorathemes.com/plannig-childrens-parties-2/index.html]
[unicaevents.ancorathemes.com/wp-includes/js/jquery/ui/widget.mine899.js]
[unicaevents.ancorathemes.com/wp-includes/js/jquery/ui/accordion.mine899.js]
[unicaevents.ancorathemes.com/home-page-3/index.html]
[unicaevents.ancorathemes.com/wp-json/oembed/1.0/embeddfb7.json]
[unicaevents.ancorathemes.com/wp-json/oembed/1.0/embed30d0]
[unicaevents.ancorathemes.com/wp-content/uploads/2015/11/Layer-8.jpg]
[unicaevents.ancorathemes.com/wp-content/uploads/2015/11/home4-1.jpg]
[unicaevents.ancorathemes.com/wp-content/uploads/2015/11/home4-2.jpg]
[unicaevents.ancorathemes.com/lorem-ipsum-dolor-sit-amet/index.html]
[unicaevents.ancorathemes.com/wp-content/uploads/2015/11/home4-4.jpg]
[unicaevents.ancorathemes.com/nisi-ut-aliquid-ex-ea-commodi-consequatur/index.html]
[unicaevents.ancorathemes.com/wp-content/uploads/2015/11/home4-31.jpg]
[unicaevents.ancorathemes.com/home-page-4/index.html]
[unicaevents.ancorathemes.com/sed-ut-perspiciatis/index.html]
[unicaevents.ancorathemes.com/labore-et-dolore-magnam/index.html]
[unicaevents.ancorathemes.com/quis-autem-vel-eum-iure/index.html]
[unicaevents.ancorathemes.com/wp-json/oembed/1.0/embed0a24.json]
[unicaevents.ancorathemes.com/temporibus-autem-quibusdam/index.html]
[unicaevents.ancorathemes.com/wp-json/oembed/1.0/embed526b]
[unicaevents.ancorathemes.com/wp-content/uploads/2015/10/Depositphotos_48484057_original.jpg]
[unicaevents.ancorathemes.com/wp-content/uploads/2015/08/Depositphotos_63380897_original.jpg]
[unicaevents.ancorathemes.com/wp-content/uploads/2015/10/Vector-Smart-Object-copy-131.png]
[scontent-frx5-1.cdninstagram.com/t51.2885-15/e15/s320x320/1208235_606138602829355_1872004253_n.jpg]
[unicaevents.ancorathemes.com/tag/baby-showers/index.html]
[scontent-frx5-1.cdninstagram.com/t51.2885-15/e15/s320x320/10724013_849664728400826_1089527905_n.jpg]
[scontent-frx5-1.cdninstagram.com/t51.2885-15/e15/s320x320/10005306_1518043688438328_2045272490_n.jpg]
[unicaevents.ancorathemes.com/tag/birthday/index.html]
[unicaevents.ancorathemes.com/tag/birthdays/index.html]
[scontent-frx5-1.cdninstagram.com/t51.2885-15/e15/s320x320/10731433_566339430132701_1314107546_n.jpg]
[unicaevents.ancorathemes.com/tag/business/index.html]
[scontent-frx5-1.cdninstagram.com/t51.2885-15/e15/s320x320/10724812_711840602224115_2085011690_n.jpg]
[scontent-frx5-1.cdninstagram.com/t51.2885-15/e15/s320x320/10723875_1488936244696244_469967380_n.jpg]
[unicaevents.ancorathemes.com/tag/celebration/index.html]
[unicaevents.ancorathemes.com/tag/ceremony/index.html]
[unicaevents.ancorathemes.com/tag/corporate/index.html]
[unicaevents.ancorathemes.com/wp-content/uploads/2015/11/Depositphotos_7799558-150x150.jpg]
[unicaevents.ancorathemes.com/tag/decoration/index.html]
[unicaevents.ancorathemes.com/tag/engagements/index.html]
[unicaevents.ancorathemes.com/wp-content/uploads/2015/11/home4-4-150x150.jpg]
[unicaevents.ancorathemes.com/tag/kids/index.html]
[unicaevents.ancorathemes.com/wp-content/uploads/2015/11/Depositphotos_49938883_original-150x150.jpg]
[unicaevents.ancorathemes.com/tag/parties/index.html]
[unicaevents.ancorathemes.com/wp-login.html]
[unicaevents.ancorathemes.com/tag/party/index.html]
[unicaevents.ancorathemes.com/wp-content/uploads/2015/11/home4-31-150x150.jpg]
[unicaevents.ancorathemes.com/tag/post-format/index.html]
[unicaevents.ancorathemes.com/wp-includes/images/rss.png]
[unicaevents.ancorathemes.com/tag/social/index.html]
[unicaevents.ancorathemes.com/wp-includes/js/jquery/ui/tabs.mine899.js]
[unicaevents.ancorathemes.com/tag/wedding/index.html]
[unicaevents.ancorathemes.com/wp-includes/js/jquery/ui/effect.mine899.js]
[unicaevents.ancorathemes.com/starting-an-event-planning-service/index.html]
[unicaevents.ancorathemes.com/wp-includes/js/jquery/ui/effect-fade.mine899.js]
[unicaevents.ancorathemes.com/aside-format/index.html]
[unicaevents.ancorathemes.com/wp-content/themes/unicaevents/fw/js/diagram/chart.min.js]
[unicaevents.ancorathemes.com/shortcodes/index.html]
[unicaevents.ancorathemes.com/chat-format/index.html]
[unicaevents.ancorathemes.com/best-choice-for-childrens-party/index.html]
[unicaevents.ancorathemes.com/2015/11/index.html]
[unicaevents.ancorathemes.com/event-mobile-apps/index.html]
[unicaevents.ancorathemes.com/wp-json/oembed/1.0/embedb401.json]
[unicaevents.ancorathemes.com/2015/10/index.html]
[unicaevents.ancorathemes.com/wp-json/oembed/1.0/embedb39d]
[unicaevents.ancorathemes.com/2015/08/index.html]
[unicaevents.ancorathemes.com/2015/06/index.html]
[unicaevents.ancorathemes.com/2015/07/index.html]
[unicaevents.ancorathemes.com/wp-content/themes/unicaevents/fw/js/prettyphoto/css/prettyPhoto.css]
[unicaevents.ancorathemes.com/2015/05/index.html]
[unicaevents.ancorathemes.com/must-have-tools-for-better-events/index.html]
[unicaevents.ancorathemes.com/typography/index.html]
[unicaevents.ancorathemes.com/wp-content/themes/unicaevents/fw/js/prettyphoto/jquery.prettyPhoto.minca7f.js]
[unicaevents.ancorathemes.com/wp-json/oembed/1.0/embedfacb.json]
[unicaevents.ancorathemes.com/wp-json/oembed/1.0/embedf380]
[unicaevents.ancorathemes.com/wp-content/uploads/2015/10/Rectangle-16-copy-2a0f1.jpg]
[unicaevents.ancorathemes.com/wp-content/uploads/2015/11/graphicriver.png]
[unicaevents.ancorathemes.com/wp-content/uploads/2015/11/photodune.png]
[unicaevents.ancorathemes.com/wp-content/uploads/2015/11/audiojingle.png]
[unicaevents.ancorathemes.com/wp-content/uploads/2015/11/codecanyon.png]
[unicaevents.ancorathemes.com/wp-content/uploads/2015/11/activeden.png]
[unicaevents.ancorathemes.com/about-us/index.html]
[unicaevents.ancorathemes.com/wp-json/oembed/1.0/embed9cc3.json]
[unicaevents.ancorathemes.com/team/index.html]
[unicaevents.ancorathemes.com/wp-json/oembed/1.0/embed6c31]
[unicaevents.ancorathemes.com/wp-json/oembed/1.0/embed1fbe.json]
[unicaevents.ancorathemes.com/wp-json/oembed/1.0/embed249c]
[unicaevents.ancorathemes.com/wp-content/uploads/2015/11/3docean.png]
[unicaevents.ancorathemes.com/clients/index.html]
[unicaevents.ancorathemes.com/wp-json/oembed/1.0/embed0941.json]
[unicaevents.ancorathemes.com/contacts/index.html]
[unicaevents.ancorathemes.com/wp-json/oembed/1.0/embedcab4]
[unicaevents.ancorathemes.com/wp-json/oembed/1.0/embed5902.json]
[unicaevents.ancorathemes.com/services-page/index.html]
[unicaevents.ancorathemes.com/wp-json/oembed/1.0/embeda735]
[unicaevents.ancorathemes.com/wp-json/oembed/1.0/embed9994.json]
[unicaevents.ancorathemes.com/wp-json/oembed/1.0/embed8620]
[unicaevents.ancorathemes.com/wp-content/uploads/2015/10/gallery-3.jpg]
[unicaevents.ancorathemes.com/wp-content/uploads/2015/07/Depositphotos_26721543_original.jpg]
[unicaevents.ancorathemes.com/grid-gallery/index.html]
[unicaevents.ancorathemes.com/gallery-post-3/index.html]
[unicaevents.ancorathemes.com/gallery-post-2/index.html]
[unicaevents.ancorathemes.com/gallery-post-1/index.html]
[unicaevents.ancorathemes.com/wp-json/oembed/1.0/embedf3ac.json]
[unicaevents.ancorathemes.com/wp-json/oembed/1.0/embed36aa]
[unicaevents.ancorathemes.com/masonry-gallery/index.html]
[unicaevents.ancorathemes.com/wp-json/oembed/1.0/embed14d9.json]
[unicaevents.ancorathemes.com/wp-json/oembed/1.0/embedeb79]
[unicaevents.ancorathemes.com/cobbles-gallery/index.html]
[unicaevents.ancorathemes.com/wp-content/uploads/2015/11/Depositphotos_32128821_original-1740x980.jpg]
[unicaevents.ancorathemes.com/wp-content/uploads/2015/10/gallery-7-1740x980.jpg]
[unicaevents.ancorathemes.com/wp-content/uploads/2015/10/gallery-21-1740x980.jpg]
[unicaevents.ancorathemes.com/wp-content/uploads/2015/11/home4-4-1740x980.jpg]
[unicaevents.ancorathemes.com/a-surprising-business-idea/index.html]
[unicaevents.ancorathemes.com/wp-content/uploads/2015/11/home4-31-1740x980.jpg]
[unicaevents.ancorathemes.com/wp-content/uploads/2015/11/home4-2-1740x980.jpg]
[unicaevents.ancorathemes.com/promoting-events-business-on-facebook/index.html]
[unicaevents.ancorathemes.com/wp-content/uploads/2015/11/home4-1-1740x980.jpg]
[unicaevents.ancorathemes.com/can-you-compete/index.html]
[unicaevents.ancorathemes.com/wp-content/uploads/2015/11/Depositphotos_7799558-1740x980.jpg]
[unicaevents.ancorathemes.com/wp-content/uploads/2015/11/Depositphotos_9428906_original-1740x980.jpg]
[unicaevents.ancorathemes.com/books-to-read-before-starting-your-agency/index.html]
[unicaevents.ancorathemes.com/wp-content/uploads/2015/10/Depositphotos_48484057_original-1740x980.jpg]
[unicaevents.ancorathemes.com/all-posts/index.html]
[unicaevents.ancorathemes.com/how-to-plan-an-event/index.html]
[unicaevents.ancorathemes.com/planning-a-graduartion-party/index.html]
[unicaevents.ancorathemes.com/all-posts/page/2/index.html]
[unicaevents.ancorathemes.com/wp-content/uploads/2015/11/Depositphotos_32128821_original-1740x1230.jpg]
[unicaevents.ancorathemes.com/all-posts/page/3/index.html]
[unicaevents.ancorathemes.com/category/masonry-2-columns/feed/index.html]
[unicaevents.ancorathemes.com/wp-content/uploads/2015/10/gallery-7-1740x1263.jpg]
[unicaevents.ancorathemes.com/wp-content/uploads/2015/10/gallery-21-1740x1064.jpg]
[unicaevents.ancorathemes.com/wp-content/uploads/2015/11/home4-4-1740x1340.jpg]
