[preview.themeforest.net/item/ventcamp-event-and-conference-theme/full_screen_preview/14637006cd0d.html]
[backblue.gif]
[fade.gif]
[index.html]
[public-assets.envato-static.com/assets/market/core/index-ba4e430b158076b9211df30e6996ef729557befcda55ccb06513ac7c11c255fc.css]
[public-assets.envato-static.com/assets/market/pages/preview/index-6da503d08aa5f43ac39ce104f6cabc796ea21e19547d1d8b441cb073c2e88d01.css]
[public-assets.envato-static.com/icons/themeforest.net/apple-touch-icon-72x72-precomposed.png]
[public-assets.envato-static.com/icons/themeforest.net/apple-touch-icon-114x114-precomposed.png]
[public-assets.envato-static.com/icons/themeforest.net/apple-touch-icon-144x144-precomposed.png]
[public-assets.envato-static.com/icons/themeforest.net/apple-touch-icon-precomposed.png]
[public-assets.envato-static.com/assets/market/pages/full_screen_preview/index-04b6da69dcde7aae67a747640bd6165105ff25825f792aa2219948c84d19eeef.js]
[www.google-analytics.com/analytics.js]
[www.googleadservices.com/pagead/f.txt]
[preview.themeforest.net/item/ventcamp-event-and-conference-theme/full_screen_preview/14637006cd0d.html]
[preview.themeforest.net/item/ventcamp-event-and-conference-theme/full_screen_preview/&quot;https_/ventcampwp.com/&quot;&gt;VentcampWP&lt;/a&gt;]
[public-assets.envato-static.com/assets/common/pagination_loader-8c6a70768e3d8135995dbd27307cb84e746eaa49ac295ffff4a86c3dec16a4e5.gif]
[public-assets.envato-static.com/assets/market/core/index-ba4e430b158076b9211df30e6996ef729557befcda55ccb06513ac7c11c255fc.css]
[public-assets.envato-static.com/assets/market/pages/preview/index-6da503d08aa5f43ac39ce104f6cabc796ea21e19547d1d8b441cb073c2e88d01.css]
[preview.themeforest.net/item/ventcamp-event-and-conference-theme/full_screen_preview/linkid.js]
