[www.templatemonster.com/demo/53682.html]
[backblue.gif]
[fade.gif]
[index.html]
[s.tmimgcdn.com/img/logo-touch/favicon-16x16e249.png]
[s.tmimgcdn.com/img/logo-touch/favicon-32x32e249.png]
[s.tmimgcdn.com/img/logo-touch/favicon-96x96e249.png]
[s.tmimgcdn.com/img/logo-touch/android-chrome-36e249.png]
[s.tmimgcdn.com/img/logo-touch/android-chrome-48e249.png]
[s.tmimgcdn.com/img/logo-touch/android-chrome-72e249.png]
[s.tmimgcdn.com/img/logo-touch/android-chrome-96e249.png]
[s.tmimgcdn.com/img/logo-touch/android-chrome-144e249.png]
[s.tmimgcdn.com/img/logo-touch/android-chrome-192e249.png]
[s.tmimgcdn.com/img/logo-touch/apple-touch-icon-precomposede249.png]
[s.tmimgcdn.com/img/logo-touch/apple-touch-icon-180e249.png]
[s.tmimgcdn.com/img/logo-touch/apple-touch-icon-152e249.png]
[s.tmimgcdn.com/img/logo-touch/apple-touch-icon-144e249.png]
[s.tmimgcdn.com/img/logo-touch/apple-touch-icon-120e249.png]
[s.tmimgcdn.com/img/logo-touch/apple-touch-icon-114e249.png]
[s.tmimgcdn.com/img/logo-touch/apple-touch-icon-76e249.png]
[s.tmimgcdn.com/img/logo-touch/apple-touch-icon-72e249.png]
[s.tmimgcdn.com/img/logo-touch/apple-touch-icon-60e249.png]
[s.tmimgcdn.com/img/logo-touch/apple-touch-icon-57e249.png]
[s.tmimgcdn.com/css/owl.carousel4ba7.css]
[s.tmimgcdn.com/css/owl.theme4ba7.css]
[s.tmimgcdn.com/css/standalone/livedemo4ba7.css]
[s.tmimgcdn.com/js/tm/frontend/indclude-js.min070e.js]
[s.tmimgcdn.com/js/plasma-pocket-react/monsterBundle070e.js]
[s.tmimgcdn.com/css/svg-icons4ba7.css]
[www.templatemonster.com/demo/53682.html]
[www.templatemonster.com/js/config.js]
[s.tmimgcdn.com/css/font.css]
[s.tmimgcdn.com/css/standalone/livedemo4ba7.css]
[s.tmimgcdn.com/css/owl.carousel4ba7.css]
[s.tmimgcdn.com/css/bootstrap.css]
[s.tmimgcdn.com/img/small-spinner.gif]
[s.tmimgcdn.com/css/owl.theme4ba7.css]
[www.googletagmanager.com/gtm5445.html]
[s.tmimgcdn.com/js/tm/frontend/indclude-js.min070e.js]
[www.templatemonster.com/demo/chat_presales=1; expires=03 Jul 2036 21_44_38 GMT; domain=.templatemonster.com; path=/index.html]
[www.templatemonster.com/demo/callback_notice=closed; expires=03 Jul 2036 21_44_38 GMT; domain=.templatemonster.com; path=/index.html]
[www.templatemonster.com/demo/require.1f.delayed]
[s.tmimgcdn.com/js/plasma-pocket-react/monsterBundle070e.js]
[s.tmimgcdn.com/css/svg-icons4ba7.css]
[www.templatemonster.com/js/config.js]
[s.tmimgcdn.com/css/font.css]
[s.tmimgcdn.com/css/bootstrap.css]
[www.templatemonster.com/demo/chat_presales=1; expires=03 Jul 2036 21_44_38 GMT; domain=.templatemonster.com; path=/index.html]
[www.templatemonster.com/demo/callback_notice=closed; expires=03 Jul 2036 21_44_38 GMT; domain=.templatemonster.com; path=/index.html]
[www.templatemonster.com/demo/require.html]
[www.templatemonster.com/demo/$&/index.html]
[www.templatemonster.com/demo/$&/index.html]
[www.templatemonster.com/demo/ABCDEFGHIJKLMNOPQRSTUVWXYZabcdefghijklmnopqrstuvwxyz0123456789+/index.html]
[www.templatemonster.com/demo/ABCDEFGHIJKLMNOPQRSTUVWXYZabcdefghijklmnopqrstuvwxyz0123456789+/index.html]
[www.templatemonster.com/demo/@@History/index.html]
[www.templatemonster.com/demo/@@History/index.html]
